Microchip MPLAB XC8 Compiler V2.50

Linker command line:

-W-3 --edf=/Applications/microchip/xc8/v2.50/pic/dat/20240725155939_en.msgs \
  -pivt0x8=08h -cn \
  -h+dist/default/production/LED_matrix_nrf.X.production.sym \
  --cmf=dist/default/production/LED_matrix_nrf.X.production.cmf -z \
  -Q18F57Q43 -o/tmp/xcTGhuQZ2/driver_tmp_3.o --defsym=__MPLAB_BUILD=1 \
  --fixupoverflow=error \
  -Mdist/default/production/LED_matrix_nrf.X.production.map \
  --md=/tmp/xcTGhuQZ2/driver_tmp_0.dat -E1 -ver=XC8 Compiler --acfsm=1493 \
  -ACODE=00h-01FFFFh -ACONST=00h-01FFFFh -ASMALLCONST=02600h-026FFhx474 \
  -AMEDIUMCONST=02600h-0FFFFh,012600h-01FFFFh -ACOMRAM=0501h-055Fh \
  -AABS1=0500h-024FFh -ABIGRAM=0501h-024FFh \
  -ARAM=0560h-05FFh,0600h-06FFhx31 -ABANK5=0560h-05FFh -ABANK6=0600h-06FFh \
  -ABANK7=0700h-07FFh -ABANK8=0800h-08FFh -ABANK9=0900h-09FFh \
  -ABANK10=0A00h-0AFFh -ABANK11=0B00h-0BFFh -ABANK12=0C00h-0CFFh \
  -ABANK13=0D00h-0DFFh -ABANK14=0E00h-0EFFh -ABANK15=0F00h-0FFFh \
  -ABANK16=01000h-010FFh -ABANK17=01100h-011FFh -ABANK18=01200h-012FFh \
  -ABANK19=01300h-013FFh -ABANK20=01400h-014FFh -ABANK21=01500h-015FFh \
  -ABANK22=01600h-016FFh -ABANK23=01700h-017FFh -ABANK24=01800h-018FFh \
  -ABANK25=01900h-019FFh -ABANK26=01A00h-01AFFh -ABANK27=01B00h-01BFFh \
  -ABANK28=01C00h-01CFFh -ABANK29=01D00h-01DFFh -ABANK30=01E00h-01EFFh \
  -ABANK31=01F00h-01FFFh -ABANK32=02000h-020FFh -ABANK33=02100h-021FFh \
  -ABANK34=02200h-022FFh -ABANK35=02300h-023FFh -ABANK36=02400h-024FFh \
  -ASFR=00h-0FFhx4,0400h-045Fh,0460h-04FFh,02500h-025FFh \
  -ABIGSFR=00h-04FFh,02500h-025FFh -ACONFIG=0300000h-0300011h \
  -AIDLOC=0200000h-020003Fh -AEEDATA=0380000h-03803FFh -peeprom_data=EEDATA \
  -preset_vec=00h -ppowerup=CODE,init -pramtop=02600h \
  -psmallconst=SMALLCONST -pmediumconst=MEDIUMCONST -pconst=CONST \
  -AFARRAM=00h-00h \
  -prdata=COMRAM,nvrram=COMRAM,nvbit=COMRAM,rbss=COMRAM,rbit=COMRAM \
  -pfarbss=FARRAM,fardata=FARRAM,nvFARRAM=FARRAM \
  -pintsave_regs=BIGRAM,bigbss=BIGRAM,bigdata=BIGRAM -pbss=RAM \
  -pidata=CODE,irdata=CODE,ibigdata=CODE,ifardata=CODE -prparam=COMRAM \
  /tmp/xcTGhuQZ2/driver_tmp_9.o \
  dist/default/production/LED_matrix_nrf.X.production.o 

Object code version is 3.11

Machine type is 18F57Q43



                Name                               Link     Load   Length Selector   Space Scale
/tmp/xcTGhuQZ2/driver_tmp_9.o
                config                           300000   300000        A        0       4
                init                                 1A       1A        4        4       0
                reset_vec                             0        0        4        0       0
dist/default/production/LED_matrix_nrf.X.production.o
                config                           300000   300000        A        0       4
                mediumconst                        FE1A     FE1A      1E6     7F0D       0
                ivt0x8                                8        8       12        4       0
                text78                            1132E    1132E        6     8000       0
                text77                            1133E    1133E        2     8000       0
                text76                            10DF0    10DF0       36     8000       0
                text75                            11212    11212       16     8000       0
                text74                            11302    11302        8     8000       0
                text73                            1133C    1133C        2     8000       0
                text72                            10D76    10D76       3E     8000       0
                text71                            11328    11328        6     8000       0
                text70                            11322    11322        6     8000       0
                text69                            10766    10766       AE     8000       0
                text68                            111B0    111B0       1C     8000       0
                text67                            11194    11194       1C     8000       0
                text66                            10A9E    10A9E       5E     8000       0
                text65                            10A40    10A40       5E     8000       0
                text64                            1131C    1131C        6     8000       0
                text63                            11316    11316        6     8000       0
                text62                            110C0    110C0       2A     8000       0
                text61                            1133A    1133A        2     8000       0
                text60                            11338    11338        2     8000       0
                text59                            11336    11336        2     8000       0
                text58                            11334    11334        2     8000       0
                text57                            10000    10000      1B4     8000       0
                text56                            10C72    10C72       44     8000       0
                text55                            10D36    10D36       40     8000       0
                text54                            11156    11156       20     8000       0
                text53                            11096    11096       2A     8000       0
                text52                            10CF6    10CF6       40     8000       0
                text51                            10EC2    10EC2       34     8000       0
                text50                            10424    10424       EA     8000       0
                text49                            11228    11228       14     8000       0
                text48                            112E8    112E8        E     8000       0
                text47                            112DA    112DA        E     8000       0
                text46                            112CC    112CC        E     8000       0
                text45                            10CB6    10CB6       40     8000       0
                text44                            112BE    112BE        E     8000       0
                text43                            106AA    106AA       BC     8000       0
                text42                            111E4    111E4       18     8000       0
                text41                            10E8E    10E8E       34     8000       0
                text40                            112B0    112B0        E     8000       0
                text39                            112A2    112A2        E     8000       0
                text38                            10BE4    10BE4       4A     8000       0
                text37                            11294    11294        E     8000       0
                text36                            1106A    1106A       2C     8000       0
                text35                            11286    11286        E     8000       0
                text34                            11278    11278        E     8000       0
                text33                            10B9A    10B9A       4A     8000       0
                text32                            1126A    1126A        E     8000       0
                text31                            1103E    1103E       2C     8000       0
                text30                            110EA    110EA       26     8000       0
                text29                            11012    11012       2C     8000       0
                text28                            111CC    111CC       18     8000       0
                text27                            10E5A    10E5A       34     8000       0
                text26                            10F8A    10F8A       30     8000       0
                text25                            109D2    109D2       6E     8000       0
                text24                            10FE6    10FE6       2C     8000       0
                text23                            11134    11134       22     8000       0
                text22                            10F5A    10F5A       30     8000       0
                text21                            112F6    112F6        C     8000       0
                text20                            111FC    111FC       16     8000       0
                text19                            11110    11110       24     8000       0
                text18                            1095A    1095A       78     8000       0
                text17                            11176    11176       1E     8000       0
                text16                            10F28    10F28       32     8000       0
                text15                            105E0    105E0       CA     8000       0
                text14                            10FBA    10FBA       2C     8000       0
                text13                            10AFC    10AFC       52     8000       0
                text12                            10C2E    10C2E       44     8000       0
                text11                            10EF6    10EF6       32     8000       0
                text10                            108C0    108C0       9A     8000       0
                text9                             10814    10814       AC     8000       0
                text8                             1125C    1125C        E     8000       0
                text7                             11310    11310        6     8000       0
                text6                             1130A    1130A        6     8000       0
                text5                             1124C    1124C       10     8000       0
                text4                             1123C    1123C       10     8000       0
                text3                             1050E    1050E       D2     8000       0
                text2                             1032E    1032E       F6     8000       0
                text1                             101B4    101B4      17A     8000       0
                text0                             10E26    10E26       34     8000       0
                cstackCOMRAM                        501      501       28      501       1
                cstackBANK6                         600      600       23      600       1
                dataBANK5                           5A1      5A1       3C      560       1
                bssBANK5                            560      560       41      560       1
                bssCOMRAM                           529      529       14      501       1
                cinit                             10B4E    10B4E       4C     8000       0
                nvBANK5                             5DD      5DD       21      560       1
                idataBANK5                        10DB4    10DB4       3C     8000       0

TOTAL           Name                               Link     Load   Length     Space
        CLASS   CODE           
                init                                 1A       1A        4         0
                reset_vec                             0        0        4         0
                ivt0x8                                8        8       12         0
                text78                            1132E    1132E        6         0
                text77                            1133E    1133E        2         0
                text76                            10DF0    10DF0       36         0
                text75                            11212    11212       16         0
                text74                            11302    11302        8         0
                text73                            1133C    1133C        2         0
                text72                            10D76    10D76       3E         0
                text71                            11328    11328        6         0
                text70                            11322    11322        6         0
                text69                            10766    10766       AE         0
                text68                            111B0    111B0       1C         0
                text67                            11194    11194       1C         0
                text66                            10A9E    10A9E       5E         0
                text65                            10A40    10A40       5E         0
                text64                            1131C    1131C        6         0
                text63                            11316    11316        6         0
                text62                            110C0    110C0       2A         0
                text61                            1133A    1133A        2         0
                text60                            11338    11338        2         0
                text59                            11336    11336        2         0
                text58                            11334    11334        2         0
                text57                            10000    10000      1B4         0
                text56                            10C72    10C72       44         0
                text55                            10D36    10D36       40         0
                text54                            11156    11156       20         0
                text53                            11096    11096       2A         0
                text52                            10CF6    10CF6       40         0
                text51                            10EC2    10EC2       34         0
                text50                            10424    10424       EA         0
                text49                            11228    11228       14         0
                text48                            112E8    112E8        E         0
                text47                            112DA    112DA        E         0
                text46                            112CC    112CC        E         0
                text45                            10CB6    10CB6       40         0
                text44                            112BE    112BE        E         0
                text43                            106AA    106AA       BC         0
                text42                            111E4    111E4       18         0
                text41                            10E8E    10E8E       34         0
                text40                            112B0    112B0        E         0
                text39                            112A2    112A2        E         0
                text38                            10BE4    10BE4       4A         0
                text37                            11294    11294        E         0
                text36                            1106A    1106A       2C         0
                text35                            11286    11286        E         0
                text34                            11278    11278        E         0
                text33                            10B9A    10B9A       4A         0
                text32                            1126A    1126A        E         0
                text31                            1103E    1103E       2C         0
                text30                            110EA    110EA       26         0
                text29                            11012    11012       2C         0
                text28                            111CC    111CC       18         0
                text27                            10E5A    10E5A       34         0
                text26                            10F8A    10F8A       30         0
                text25                            109D2    109D2       6E         0
                text24                            10FE6    10FE6       2C         0
                text23                            11134    11134       22         0
                text22                            10F5A    10F5A       30         0
                text21                            112F6    112F6        C         0
                text20                            111FC    111FC       16         0
                text19                            11110    11110       24         0
                text18                            1095A    1095A       78         0
                text17                            11176    11176       1E         0
                text16                            10F28    10F28       32         0
                text15                            105E0    105E0       CA         0
                text14                            10FBA    10FBA       2C         0
                text13                            10AFC    10AFC       52         0
                text12                            10C2E    10C2E       44         0
                text11                            10EF6    10EF6       32         0
                text10                            108C0    108C0       9A         0
                text9                             10814    10814       AC         0
                text8                             1125C    1125C        E         0
                text7                             11310    11310        6         0
                text6                             1130A    1130A        6         0
                text5                             1124C    1124C       10         0
                text4                             1123C    1123C       10         0
                text3                             1050E    1050E       D2         0
                text2                             1032E    1032E       F6         0
                text1                             101B4    101B4      17A         0
                text0                             10E26    10E26       34         0
                cinit                             10B4E    10B4E       4C         0
                idataBANK5                        10DB4    10DB4       3C         0

        CLASS   CONST          

        CLASS   SMALLCONST     

        CLASS   MEDIUMCONST    
                mediumconst                        FE1A     FE1A      1E6         0

        CLASS   COMRAM         
                cstackCOMRAM                        501      501       28         1
                bssCOMRAM                           529      529       14         1

        CLASS   ABS1           

        CLASS   BIGRAM         

        CLASS   RAM            

        CLASS   BANK5          
                dataBANK5                           5A1      5A1       3C         1
                bssBANK5                            560      560       41         1
                nvBANK5                             5DD      5DD       21         1

        CLASS   BANK6          
                cstackBANK6                         600      600       23         1

        CLASS   BANK7          

        CLASS   BANK8          

        CLASS   BANK9          

        CLASS   BANK10         

        CLASS   BANK11         

        CLASS   BANK12         

        CLASS   BANK13         

        CLASS   BANK14         

        CLASS   BANK15         

        CLASS   BANK16         

        CLASS   BANK17         

        CLASS   BANK18         

        CLASS   BANK19         

        CLASS   BANK20         

        CLASS   BANK21         

        CLASS   BANK22         

        CLASS   BANK23         

        CLASS   BANK24         

        CLASS   BANK25         

        CLASS   BANK26         

        CLASS   BANK27         

        CLASS   BANK28         

        CLASS   BANK29         

        CLASS   BANK30         

        CLASS   BANK31         

        CLASS   BANK32         

        CLASS   BANK33         

        CLASS   BANK34         

        CLASS   BANK35         

        CLASS   BANK36         

        CLASS   SFR            

        CLASS   BIGSFR         

        CLASS   CONFIG         
                config                           300000   300000        A         4

        CLASS   IDLOC          

        CLASS   EEDATA         

        CLASS   FARRAM         

        CLASS   HEAP           

        CLASS   STACK          



SEGMENTS        Name                           Load    Length   Top    Selector   Space  Class

                reset_vec                      000000  000004  000004         0       0  CODE    
                text57                         010000  001340  011340      8000       0  CODE    
                ivt0x8                         000008  000016  00001E         4       0  CODE    
                cstackBANK6                    000600  000023  000623       600       1  BANK6   
                bssBANK5                       000560  00009E  0005FE       560       1  BANK5   
                mediumconst                    00FE1A  0001E6  010000      7F0D       0  MEDIUMCO
                cstackCOMRAM                   000501  00003C  00053D       501       1  COMRAM  


UNUSED ADDRESS RANGES

        Name                Unused          Largest block    Delta
        BANK10           000A00-000AFF              100
        BANK11           000B00-000BFF              100
        BANK12           000C00-000CFF              100
        BANK13           000D00-000DFF              100
        BANK14           000E00-000EFF              100
        BANK15           000F00-000FFF              100
        BANK16           001000-0010FF              100
        BANK17           001100-0011FF              100
        BANK18           001200-0012FF              100
        BANK19           001300-0013FF              100
        BANK20           001400-0014FF              100
        BANK21           001500-0015FF              100
        BANK22           001600-0016FF              100
        BANK23           001700-0017FF              100
        BANK24           001800-0018FF              100
        BANK25           001900-0019FF              100
        BANK26           001A00-001AFF              100
        BANK27           001B00-001BFF              100
        BANK28           001C00-001CFF              100
        BANK29           001D00-001DFF              100
        BANK30           001E00-001EFF              100
        BANK31           001F00-001FFF              100
        BANK32           002000-0020FF              100
        BANK33           002100-0021FF              100
        BANK34           002200-0022FF              100
        BANK35           002300-0023FF              100
        BANK36           002400-0024FF              100
        BANK5            0005FE-0005FF                2
        BANK6            000623-0006FF               DD
        BANK7            000700-0007FF              100
        BANK8            000800-0008FF              100
        BANK9            000900-0009FF              100
        BIGRAM           00053D-00055F               23
                         0005FE-0005FF                2
                         000623-0024FF             1EDD
        BIGSFR           000000-0004FF              500
                         002500-0025FF              100
        CODE             000004-000007                4
                         00001E-00FE19             FDFC
                         011340-01FFFF             ECC0
        COMRAM           00053D-00055F               23
        CONFIG           30000A-300011                8
        CONST            000004-000007                4
                         00001E-00FE19             FDFC
                         011340-01FFFF             ECC0
        EEDATA           380000-3803FF              400
        IDLOC            200000-20003F               40
        MEDIUMCONST      002600-00FE19             D81A
                         012600-01FFFF             DA00
        RAM              0005FE-0005FF                2
                         000623-0024FF              100
        SFR              000000-0004FF              100
                         002500-0025FF              100
        SMALLCONST       002600-00FE19              100
                         011340-01FFFF              100

                                  Symbol Table

?_Nrf24_setRADDR                               cstackCOMRAM 000517
?_Nrf24_setTADDR                               cstackCOMRAM 000517
?___awmod                                      cstackCOMRAM 000501
?_getRowData                                   cstackCOMRAM 000501
?_getRowData_Matrix2                           cstackCOMRAM 000501
?_strncmp                                      cstackCOMRAM 00050D
AdvancedSettings@dev                           cstackCOMRAM 00051B
DELAY_microseconds@microseconds                cstackCOMRAM 00050D
DELAY_milliseconds@milliseconds                cstackCOMRAM 00050D
INT0_SetInterruptHandler@InterruptHandler      cstackCOMRAM 00050D
INT1_SetInterruptHandler@InterruptHandler      cstackCOMRAM 00050D
INT2_SetInterruptHandler@InterruptHandler      cstackCOMRAM 00050D
INTSTAT_ADDR                                   (abs)        0000D7
IVTBASEH                                       (abs)        00045E
IVTBASEL                                       (abs)        00045D
IVTBASEU                                       (abs)        00045F
LEDMatrix2_RowController_TimerISR@row          bssCOMRAM    000530
LEDMatrix2_TimerISR@clockState                 bssBANK5     00059E
LEDMatrix2_TimerISR@currentRow                 bssCOMRAM    00052F
LEDMatrix_RowController_TimerISR@row           bssCOMRAM    000532
LEDMatrix_TimerISR@clockState                  bssBANK5     00059F
LEDMatrix_TimerISR@currentRow                  bssCOMRAM    000531
Nrf24_SetSpeedDataRates@dev                    cstackCOMRAM 000517
Nrf24_SetSpeedDataRates@val                    cstackCOMRAM 000519
Nrf24_SetSpeedDataRates@value                  cstackCOMRAM 00051A
Nrf24_config@channel                           cstackCOMRAM 00051A
Nrf24_config@dev                               cstackCOMRAM 000518
Nrf24_config@payload                           cstackCOMRAM 00051B
Nrf24_configRegister@reg                       cstackCOMRAM 000510
Nrf24_configRegister@value                     cstackCOMRAM 00050F
Nrf24_dataReady@dev                            cstackCOMRAM 000518
Nrf24_dataReady@status                         cstackCOMRAM 00051A
Nrf24_flushRx@dev                              cstackCOMRAM 00050F
Nrf24_getData@data                             cstackCOMRAM 000515
Nrf24_getData@dev                              cstackCOMRAM 000513
Nrf24_getStatus@rv                             cstackCOMRAM 000517
Nrf24_init@dev                                 cstackCOMRAM 00050E
Nrf24_powerUpRx@dev                            cstackCOMRAM 000511
Nrf24_readRegister@len                         cstackCOMRAM 000515
Nrf24_readRegister@reg                         cstackCOMRAM 000516
Nrf24_readRegister@value                       cstackCOMRAM 000513
Nrf24_setRADDR@adr                             cstackCOMRAM 000519
Nrf24_setRADDR@buffer                          cstackCOMRAM 00051E
Nrf24_setRADDR@dev                             cstackCOMRAM 000517
Nrf24_setRADDR@i                               cstackCOMRAM 000525
Nrf24_setRADDR@ret                             cstackCOMRAM 000523
Nrf24_setRetransmitDelay@dev                   cstackCOMRAM 000517
Nrf24_setRetransmitDelay@val                   cstackCOMRAM 000519
Nrf24_setRetransmitDelay@value                 cstackCOMRAM 00051A
Nrf24_setTADDR@adr                             cstackCOMRAM 000519
Nrf24_setTADDR@buffer                          cstackCOMRAM 00051E
Nrf24_setTADDR@dev                             cstackCOMRAM 000517
Nrf24_setTADDR@i                               cstackCOMRAM 000525
Nrf24_setTADDR@ret                             cstackCOMRAM 000523
Nrf24_writeRegister@len                        cstackCOMRAM 000515
Nrf24_writeRegister@reg                        cstackCOMRAM 000516
Nrf24_writeRegister@value                      cstackCOMRAM 000513
SPI1_ByteExchange@byteData                     cstackCOMRAM 00050D
SPI1_ByteExchange@returnValue                  cstackCOMRAM 00050E
SPI1_Open@spiConfigIndex                       cstackCOMRAM 00050D
SPI_read_buff@buffer                           cstackCOMRAM 00050F
SPI_read_buff@bytes                            cstackCOMRAM 000511
SPI_read_buff@i                                cstackCOMRAM 000512
SPI_write_buff@buffer                          cstackCOMRAM 00050F
SPI_write_buff@bytes                           cstackCOMRAM 000511
SPI_write_buff@i                               cstackCOMRAM 000512
SetRow_Matrix1@row                             cstackCOMRAM 000501
SetRow_Matrix2@row                             cstackCOMRAM 000501
TMR0_OverflowCallbackRegister@callbackHandler  cstackCOMRAM 00050D
TMR1_GateCallbackRegister@CallbackHandler      cstackCOMRAM 00050D
TMR1_OverflowCallbackRegister@CallbackHandler  cstackCOMRAM 00050D
TMR1_Write@timerVal                            cstackCOMRAM 000501
TMR2_OverflowCallbackRegister@InterruptHandler cstackCOMRAM 00050D
TMR3_GateCallbackRegister@CallbackHandler      cstackCOMRAM 00050D
TMR3_OverflowCallbackRegister@CallbackHandler  cstackCOMRAM 00050D
TMR3_Write@timerVal                            cstackCOMRAM 000501
TMR4_OverflowCallbackRegister@InterruptHandler cstackCOMRAM 00050D
_ACTCON                                        (abs)        0000AC
_ANSELA                                        (abs)        000400
_ANSELB                                        (abs)        000408
_ANSELC                                        (abs)        000410
_ANSELD                                        (abs)        000418
_ANSELE                                        (abs)        000420
_ANSELF                                        (abs)        000428
_AdvancedSettings                              text23       011134
_CLOCK_Initialize                              text49       011228
_DELAY_microseconds                            text13       010AFC
_DELAY_milliseconds                            text22       010F5A
_INLVLA                                        (abs)        000404
_INLVLB                                        (abs)        00040C
_INLVLC                                        (abs)        000414
_INLVLD                                        (abs)        00041C
_INLVLE                                        (abs)        000424
_INLVLF                                        (abs)        00042C
_INT0_DefaultInterruptHandler                  (abs)        000000
_INT0_InterruptHandler                         nvBANK5      0005F8
_INT0_SetInterruptHandler                      text48       0112E8
_INT1_DefaultInterruptHandler                  (abs)        000000
_INT1_InterruptHandler                         nvBANK5      0005F5
_INT1_SetInterruptHandler                      text47       0112DA
_INT2_DefaultInterruptHandler                  (abs)        000000
_INT2_InterruptHandler                         nvBANK5      0005F2
_INT2_SetInterruptHandler                      text46       0112CC
_INTCON0bits                                   (abs)        0004D6
_INTERRUPT_Initialize                          text45       010CB6
_INTERRUPT_InterruptManager                    text50       010424
_IOCAF                                         (abs)        000407
_IOCAN                                         (abs)        000406
_IOCAP                                         (abs)        000405
_IOCBF                                         (abs)        00040F
_IOCBN                                         (abs)        00040E
_IOCBP                                         (abs)        00040D
_IOCCF                                         (abs)        000417
_IOCCFbits                                     (abs)        000417
_IOCCN                                         (abs)        000416
_IOCCP                                         (abs)        000415
_IOCEF                                         (abs)        000427
_IOCEN                                         (abs)        000426
_IOCEP                                         (abs)        000425
_LATA                                          (abs)        0004BE
_LATAbits                                      (abs)        0004BE
_LATB                                          (abs)        0004BF
_LATBbits                                      (abs)        0004BF
_LATC                                          (abs)        0004C0
_LATCbits                                      (abs)        0004C0
_LATD                                          (abs)        0004C1
_LATDbits                                      (abs)        0004C1
_LATE                                          (abs)        0004C2
_LATF                                          (abs)        0004C3
_LATFbits                                      (abs)        0004C3
_LEDMatrix_RowController_TimerISR              text56       010C72
_LEDMatrix_TimerISR                            text57       010000
_LEDMatrix_TimerISR$2734                       cstackCOMRAM 000507
_LEDMatrix_TimerISR$2743                       cstackCOMRAM 000509
_Nrf24_SetSpeedDataRates                       text25       0109D2
_Nrf24_config                                  text18       01095A
_Nrf24_configRegister                          text28       0111CC
_Nrf24_dataReady                               text17       011176
_Nrf24_flushRx                                 text21       0112F6
_Nrf24_getData                                 text16       010F28
_Nrf24_getStatus                               text20       0111FC
_Nrf24_init                                    text14       010FBA
_Nrf24_powerUpRx                               text19       011110
_Nrf24_readRegister                            text26       010F8A
_Nrf24_setRADDR                                text10       0108C0
_Nrf24_setRetransmitDelay                      text24       010FE6
_Nrf24_setTADDR                                text9        010814
_Nrf24_writeRegister                           text11       010EF6
_ODCONA                                        (abs)        000402
_ODCONB                                        (abs)        00040A
_ODCONC                                        (abs)        000412
_ODCOND                                        (abs)        00041A
_ODCONE                                        (abs)        000422
_ODCONF                                        (abs)        00042A
_OSCCON1                                       (abs)        0000AD
_OSCCON3                                       (abs)        0000AF
_OSCEN                                         (abs)        0000B3
_OSCFRQ                                        (abs)        0000B1
_OSCTUNE                                       (abs)        0000B0
_PIE0bits                                      (abs)        00049E
_PIE11bits                                     (abs)        0004A9
_PIE3bits                                      (abs)        0004A1
_PIE5bits                                      (abs)        0004A3
_PIN_MANAGER_IOC                               text75       011212
_PIN_MANAGER_Initialize                        text43       0106AA
_PIR0bits                                      (abs)        0004AE
_PIR10bits                                     (abs)        0004B8
_PIR11bits                                     (abs)        0004B9
_PIR1bits                                      (abs)        0004AF
_PIR3bits                                      (abs)        0004B1
_PIR5bits                                      (abs)        0004B3
_PIR6bits                                      (abs)        0004B4
_PR2                                           (abs)        000323
_PR4                                           (abs)        00032F
_RB1I2C                                        (abs)        000289
_RB2I2C                                        (abs)        000288
_RC3I2C                                        (abs)        000287
_RC3PPS                                        (abs)        000214
_RC4I2C                                        (abs)        000286
_RC4PPS                                        (abs)        000215
_SLRCONA                                       (abs)        000403
_SLRCONB                                       (abs)        00040B
_SLRCONC                                       (abs)        000413
_SLRCOND                                       (abs)        00041B
_SLRCONE                                       (abs)        000423
_SLRCONF                                       (abs)        00042B
_SPI1BAUD                                      (abs)        000089
_SPI1CLK                                       (abs)        00008C
_SPI1CON0                                      (abs)        000084
_SPI1CON0bits                                  (abs)        000084
_SPI1CON1                                      (abs)        000085
_SPI1CON2                                      (abs)        000086
_SPI1INTFbits                                  (abs)        00008A
_SPI1RXB                                       (abs)        000080
_SPI1SCKPPS                                    (abs)        00026A
_SPI1SDIPPS                                    (abs)        00026B
_SPI1STATUSbits                                (abs)        000087
_SPI1TCNTH                                     (abs)        000083
_SPI1TCNTL                                     (abs)        000082
_SPI1TXB                                       (abs)        000081
_SPI1_BufferExchange                           (abs)        000000
_SPI1_BufferRead                               (abs)        000000
_SPI1_BufferWrite                              (abs)        000000
_SPI1_ByteExchange                             text29       011012
_SPI1_ByteRead                                 (abs)        000000
_SPI1_ByteWrite                                (abs)        000000
_SPI1_Close                                    (abs)        000000
_SPI1_Deinitialize                             (abs)        000000
_SPI1_Host                                     mediumconst  00FE1B
_SPI1_Initialize                               text42       0111E4
_SPI1_IsRxReady                                (abs)        000000
_SPI1_IsTxReady                                (abs)        000000
_SPI1_Open                                     text15       0105E0
_SPI_read_buff                                 text27       010E5A
_SPI_write_buff                                text12       010C2E
_SYSTEM_Initialize                             text30       0110EA
_SetRow_Matrix1                                text66       010A9E
_SetRow_Matrix2                                text65       010A40
_T0CON0                                        (abs)        00031A
_T0CON0bits                                    (abs)        00031A
_T0CON1                                        (abs)        00031B
_T1CLK                                         (abs)        000321
_T1CON                                         (abs)        00031E
_T1CONbits                                     (abs)        00031E
_T1GATE                                        (abs)        000320
_T1GCON                                        (abs)        00031F
_T1GCONbits                                    (abs)        00031F
_T2CLKCON                                      (abs)        000326
_T2CON                                         (abs)        000324
_T2CONbits                                     (abs)        000324
_T2HLT                                         (abs)        000325
_T2HLTbits                                     (abs)        000325
_T2PR                                          (abs)        000323
_T2RST                                         (abs)        000327
_T2RSTbits                                     (abs)        000327
_T2TMR                                         (abs)        000322
_T3CLK                                         (abs)        00032D
_T3CON                                         (abs)        00032A
_T3CONbits                                     (abs)        00032A
_T3GATE                                        (abs)        00032C
_T3GCON                                        (abs)        00032B
_T3GCONbits                                    (abs)        00032B
_T4CLKCON                                      (abs)        000332
_T4CON                                         (abs)        000330
_T4CONbits                                     (abs)        000330
_T4HLT                                         (abs)        000331
_T4HLTbits                                     (abs)        000331
_T4PR                                          (abs)        00032F
_T4RST                                         (abs)        000333
_T4RSTbits                                     (abs)        000333
_T4TMR                                         (abs)        00032E
_TMR0H                                         (abs)        000319
_TMR0L                                         (abs)        000318
_TMR0_DefaultCallback                          text73       01133C
_TMR0_ISR                                      text72       010D76
_TMR0_Initialize                               text41       010E8E
_TMR0_OverflowCallback                         nvBANK5      0005EF
_TMR0_OverflowCallbackRegister                 text8        01125C
_TMR0_Start                                    text7        011310
_TMR1H                                         (abs)        00031D
_TMR1L                                         (abs)        00031C
_TMR1_DefaultGateCallback                      (abs)        000000
_TMR1_DefaultOverflowCallback                  text59       011336
_TMR1_GateCallback                             nvBANK5      0005E6
_TMR1_GateCallbackRegister                     text40       0112B0
_TMR1_Initialize                               text38       010BE4
_TMR1_InterruptHandler                         bssBANK5     000597
_TMR1_OverflowCallback                         nvBANK5      0005E9
_TMR1_OverflowCallbackRegister                 text39       0112A2
_TMR1_OverflowISR                              text55       010D36
_TMR1_PeriodCountSet                           (abs)        000000
_TMR1_Start                                    (abs)        000000
_TMR1_Stop                                     text6        01130A
_TMR1_Write                                    text62       0110C0
_TMR2                                          (abs)        000322
_TMR2_DefaultOverflowCallback                  text60       011338
_TMR2_ISR                                      text54       011156
_TMR2_Initialize                               text36       01106A
_TMR2_OverflowCallback                         nvBANK5      0005EC
_TMR2_OverflowCallbackRegister                 text37       011294
_TMR2_PeriodCountSet                           (abs)        000000
_TMR2_Start                                    text71       011328
_TMR2_Stop                                     text5        01124C
_TMR2_Stop$intlevel0                           text5        011256
_TMR3H                                         (abs)        000329
_TMR3L                                         (abs)        000328
_TMR3_DefaultGateCallback                      (abs)        000000
_TMR3_DefaultOverflowCallback                  text58       011334
_TMR3_GateCallback                             nvBANK5      0005DD
_TMR3_GateCallbackRegister                     text35       011286
_TMR3_Initialize                               text33       010B9A
_TMR3_InterruptHandler                         bssBANK5     000594
_TMR3_OverflowCallback                         nvBANK5      0005E0
_TMR3_OverflowCallbackRegister                 text34       011278
_TMR3_OverflowISR                              text52       010CF6
_TMR3_PeriodCountSet                           (abs)        000000
_TMR3_Start                                    (abs)        000000
_TMR3_Stop                                     (abs)        000000
_TMR3_Write                                    text53       011096
_TMR4                                          (abs)        00032E
_TMR4_DefaultOverflowCallback                  text61       01133A
_TMR4_ISR                                      text51       010EC2
_TMR4_Initialize                               text31       01103E
_TMR4_OverflowCallback                         nvBANK5      0005E3
_TMR4_OverflowCallbackRegister                 text32       01126A
_TMR4_PeriodCountSet                           (abs)        000000
_TMR4_Start                                    text4        01123C
_TMR4_Start$intlevel0                          text4        011246
_TMR4_Stop                                     text70       011322
_TRISA                                         (abs)        0004C6
_TRISB                                         (abs)        0004C7
_TRISC                                         (abs)        0004C8
_TRISCbits                                     (abs)        0004C8
_TRISD                                         (abs)        0004C9
_TRISE                                         (abs)        0004CA
_TRISF                                         (abs)        0004CB
_Timer1                                        mediumconst  00FE69
_Timer2                                        mediumconst  00FE7B
_Timer3                                        mediumconst  00FE45
_Timer4                                        mediumconst  00FE57
_WPUA                                          (abs)        000401
_WPUB                                          (abs)        000409
_WPUC                                          (abs)        000411
_WPUD                                          (abs)        000419
_WPUE                                          (abs)        000421
_WPUF                                          (abs)        000429
__HRAM                                         (abs)        000000
__H__absolute__                                __absolute__ 000000
__Habs1                                        abs1         000000
__Hbank10                                      bank10       000000
__Hbank11                                      bank11       000000
__Hbank12                                      bank12       000000
__Hbank13                                      bank13       000000
__Hbank14                                      bank14       000000
__Hbank15                                      bank15       000000
__Hbank16                                      bank16       000000
__Hbank17                                      bank17       000000
__Hbank18                                      bank18       000000
__Hbank19                                      bank19       000000
__Hbank20                                      bank20       000000
__Hbank21                                      bank21       000000
__Hbank22                                      bank22       000000
__Hbank23                                      bank23       000000
__Hbank24                                      bank24       000000
__Hbank25                                      bank25       000000
__Hbank26                                      bank26       000000
__Hbank27                                      bank27       000000
__Hbank28                                      bank28       000000
__Hbank29                                      bank29       000000
__Hbank30                                      bank30       000000
__Hbank31                                      bank31       000000
__Hbank32                                      bank32       000000
__Hbank33                                      bank33       000000
__Hbank34                                      bank34       000000
__Hbank35                                      bank35       000000
__Hbank36                                      bank36       000000
__Hbank5                                       bank5        000000
__Hbank6                                       bank6        000000
__Hbank7                                       bank7        000000
__Hbank8                                       bank8        000000
__Hbank9                                       bank9        000000
__Hbigbss                                      bigbss       000000
__Hbigdata                                     bigdata      000000
__Hbigram                                      bigram       000000
__Hbigsfr                                      bigsfr       000000
__Hbss                                         bss          000000
__HbssBANK5                                    bssBANK5     000000
__HbssCOMRAM                                   bssCOMRAM    000000
__Hcinit                                       cinit        000000
__Hclrtext                                     clrtext      000000
__Hcomram                                      comram       000000
__Hconfig                                      config       30000A
__Hconst                                       const        000000
__HcstackBANK6                                 cstackBANK6  000000
__HcstackCOMRAM                                cstackCOMRAM 000000
__Hdata                                        data         000000
__HdataBANK5                                   dataBANK5    000000
__Heeprom_data                                 eeprom_data  000000
__Hfarbss                                      farbss       000000
__Hfardata                                     fardata      000000
__Hheap                                        heap         000000
__Hibigdata                                    ibigdata     000000
__Hidata                                       idata        000000
__HidataBANK5                                  idataBANK5   000000
__Hidloc                                       idloc        000000
__Hifardata                                    ifardata     000000
__Hinit                                        init         00001E
__Hintsave_regs                                intsave_regs 000000
__Hirdata                                      irdata       000000
__Hivt0x8                                      ivt0x8       00001A
__Hmediumconst                                 mediumconst  010000
__HnvBANK5                                     nvBANK5      000000
__HnvFARRAM                                    nvFARRAM     000000
__Hnvbit                                       nvbit        000000
__Hnvrram                                      nvrram       000000
__Hparam                                       rparam       000000
__Hpowerup                                     powerup      000000
__Hram                                         ram          000000
__Hramtop                                      ramtop       002600
__Hrbit                                        rbit         000000
__Hrbss                                        rbss         000000
__Hrdata                                       rdata        000000
__Hreset_vec                                   reset_vec    000004
__Hrparam                                      rparam       000000
__Hsfr                                         sfr          000000
__Hsmallconst                                  smallconst   000000
__Hspace_0                                     (abs)        011340
__Hspace_1                                     (abs)        000623
__Hspace_2                                     (abs)        000000
__Hspace_4                                     (abs)        60000A
__Hstack                                       stack        000000
__Hstruct                                      struct       000000
__Htemp                                        temp         000000
__Htext                                        text         000000
__Htext0                                       text0        000000
__Htext1                                       text1        000000
__Htext10                                      text10       000000
__Htext11                                      text11       000000
__Htext12                                      text12       000000
__Htext13                                      text13       000000
__Htext14                                      text14       000000
__Htext15                                      text15       000000
__Htext16                                      text16       000000
__Htext17                                      text17       000000
__Htext18                                      text18       000000
__Htext19                                      text19       000000
__Htext2                                       text2        000000
__Htext20                                      text20       000000
__Htext21                                      text21       000000
__Htext22                                      text22       000000
__Htext23                                      text23       000000
__Htext24                                      text24       000000
__Htext25                                      text25       000000
__Htext26                                      text26       000000
__Htext27                                      text27       000000
__Htext28                                      text28       000000
__Htext29                                      text29       000000
__Htext3                                       text3        000000
__Htext30                                      text30       000000
__Htext31                                      text31       000000
__Htext32                                      text32       000000
__Htext33                                      text33       000000
__Htext34                                      text34       000000
__Htext35                                      text35       000000
__Htext36                                      text36       000000
__Htext37                                      text37       000000
__Htext38                                      text38       000000
__Htext39                                      text39       000000
__Htext4                                       text4        000000
__Htext40                                      text40       000000
__Htext41                                      text41       000000
__Htext42                                      text42       000000
__Htext43                                      text43       000000
__Htext44                                      text44       000000
__Htext45                                      text45       000000
__Htext46                                      text46       000000
__Htext47                                      text47       000000
__Htext48                                      text48       000000
__Htext49                                      text49       000000
__Htext5                                       text5        000000
__Htext50                                      text50       000000
__Htext51                                      text51       000000
__Htext52                                      text52       000000
__Htext53                                      text53       000000
__Htext54                                      text54       000000
__Htext55                                      text55       000000
__Htext56                                      text56       000000
__Htext57                                      text57       000000
__Htext58                                      text58       000000
__Htext59                                      text59       000000
__Htext6                                       text6        000000
__Htext60                                      text60       000000
__Htext61                                      text61       000000
__Htext62                                      text62       000000
__Htext63                                      text63       000000
__Htext64                                      text64       000000
__Htext65                                      text65       000000
__Htext66                                      text66       000000
__Htext67                                      text67       000000
__Htext68                                      text68       000000
__Htext69                                      text69       000000
__Htext7                                       text7        000000
__Htext70                                      text70       000000
__Htext71                                      text71       000000
__Htext72                                      text72       000000
__Htext73                                      text73       000000
__Htext74                                      text74       000000
__Htext75                                      text75       000000
__Htext76                                      text76       000000
__Htext77                                      text77       000000
__Htext78                                      text78       000000
__Htext8                                       text8        000000
__Htext9                                       text9        000000
__LRAM                                         (abs)        000001
__L__absolute__                                __absolute__ 000000
__Labs1                                        abs1         000000
__Lbank10                                      bank10       000000
__Lbank11                                      bank11       000000
__Lbank12                                      bank12       000000
__Lbank13                                      bank13       000000
__Lbank14                                      bank14       000000
__Lbank15                                      bank15       000000
__Lbank16                                      bank16       000000
__Lbank17                                      bank17       000000
__Lbank18                                      bank18       000000
__Lbank19                                      bank19       000000
__Lbank20                                      bank20       000000
__Lbank21                                      bank21       000000
__Lbank22                                      bank22       000000
__Lbank23                                      bank23       000000
__Lbank24                                      bank24       000000
__Lbank25                                      bank25       000000
__Lbank26                                      bank26       000000
__Lbank27                                      bank27       000000
__Lbank28                                      bank28       000000
__Lbank29                                      bank29       000000
__Lbank30                                      bank30       000000
__Lbank31                                      bank31       000000
__Lbank32                                      bank32       000000
__Lbank33                                      bank33       000000
__Lbank34                                      bank34       000000
__Lbank35                                      bank35       000000
__Lbank36                                      bank36       000000
__Lbank5                                       bank5        000000
__Lbank6                                       bank6        000000
__Lbank7                                       bank7        000000
__Lbank8                                       bank8        000000
__Lbank9                                       bank9        000000
__Lbigbss                                      bigbss       000000
__Lbigdata                                     bigdata      000000
__Lbigram                                      bigram       000000
__Lbigsfr                                      bigsfr       000000
__Lbss                                         bss          000000
__LbssBANK5                                    bssBANK5     000000
__LbssCOMRAM                                   bssCOMRAM    000000
__Lcinit                                       cinit        000000
__Lclrtext                                     clrtext      000000
__Lcomram                                      comram       000000
__Lconfig                                      config       000000
__Lconst                                       const        000000
__LcstackBANK6                                 cstackBANK6  000000
__LcstackCOMRAM                                cstackCOMRAM 000000
__Ldata                                        data         000000
__LdataBANK5                                   dataBANK5    000000
__Leeprom_data                                 eeprom_data  000000
__Lfarbss                                      farbss       000000
__Lfardata                                     fardata      000000
__Lheap                                        heap         000000
__Libigdata                                    ibigdata     000000
__Lidata                                       idata        000000
__LidataBANK5                                  idataBANK5   000000
__Lidloc                                       idloc        000000
__Lifardata                                    ifardata     000000
__Linit                                        init         00001A
__Lintsave_regs                                intsave_regs 000000
__Lirdata                                      irdata       000000
__Livt0x8                                      ivt0x8       000008
__Lmediumconst                                 mediumconst  00FE1A
__LnvBANK5                                     nvBANK5      000000
__LnvFARRAM                                    nvFARRAM     000000
__Lnvbit                                       nvbit        000000
__Lnvrram                                      nvrram       000000
__Lparam                                       rparam       000000
__Lpowerup                                     powerup      000000
__Lram                                         ram          000000
__Lramtop                                      ramtop       002600
__Lrbit                                        rbit         000000
__Lrbss                                        rbss         000000
__Lrdata                                       rdata        000000
__Lreset_vec                                   reset_vec    000000
__Lrparam                                      rparam       000000
__Lsfr                                         sfr          000000
__Lsmallconst                                  smallconst   000000
__Lspace_0                                     (abs)        000000
__Lspace_1                                     (abs)        000000
__Lspace_2                                     (abs)        000000
__Lspace_4                                     (abs)        000000
__Lstack                                       stack        000000
__Lstruct                                      struct       000000
__Ltemp                                        temp         000000
__Ltext                                        text         000000
__Ltext0                                       text0        000000
__Ltext1                                       text1        000000
__Ltext10                                      text10       000000
__Ltext11                                      text11       000000
__Ltext12                                      text12       000000
__Ltext13                                      text13       000000
__Ltext14                                      text14       000000
__Ltext15                                      text15       000000
__Ltext16                                      text16       000000
__Ltext17                                      text17       000000
__Ltext18                                      text18       000000
__Ltext19                                      text19       000000
__Ltext2                                       text2        000000
__Ltext20                                      text20       000000
__Ltext21                                      text21       000000
__Ltext22                                      text22       000000
__Ltext23                                      text23       000000
__Ltext24                                      text24       000000
__Ltext25                                      text25       000000
__Ltext26                                      text26       000000
__Ltext27                                      text27       000000
__Ltext28                                      text28       000000
__Ltext29                                      text29       000000
__Ltext3                                       text3        000000
__Ltext30                                      text30       000000
__Ltext31                                      text31       000000
__Ltext32                                      text32       000000
__Ltext33                                      text33       000000
__Ltext34                                      text34       000000
__Ltext35                                      text35       000000
__Ltext36                                      text36       000000
__Ltext37                                      text37       000000
__Ltext38                                      text38       000000
__Ltext39                                      text39       000000
__Ltext4                                       text4        000000
__Ltext40                                      text40       000000
__Ltext41                                      text41       000000
__Ltext42                                      text42       000000
__Ltext43                                      text43       000000
__Ltext44                                      text44       000000
__Ltext45                                      text45       000000
__Ltext46                                      text46       000000
__Ltext47                                      text47       000000
__Ltext48                                      text48       000000
__Ltext49                                      text49       000000
__Ltext5                                       text5        000000
__Ltext50                                      text50       000000
__Ltext51                                      text51       000000
__Ltext52                                      text52       000000
__Ltext53                                      text53       000000
__Ltext54                                      text54       000000
__Ltext55                                      text55       000000
__Ltext56                                      text56       000000
__Ltext57                                      text57       000000
__Ltext58                                      text58       000000
__Ltext59                                      text59       000000
__Ltext6                                       text6        000000
__Ltext60                                      text60       000000
__Ltext61                                      text61       000000
__Ltext62                                      text62       000000
__Ltext63                                      text63       000000
__Ltext64                                      text64       000000
__Ltext65                                      text65       000000
__Ltext66                                      text66       000000
__Ltext67                                      text67       000000
__Ltext68                                      text68       000000
__Ltext69                                      text69       000000
__Ltext7                                       text7        000000
__Ltext70                                      text70       000000
__Ltext71                                      text71       000000
__Ltext72                                      text72       000000
__Ltext73                                      text73       000000
__Ltext74                                      text74       000000
__Ltext75                                      text75       000000
__Ltext76                                      text76       000000
__Ltext77                                      text77       000000
__Ltext78                                      text78       000000
__Ltext8                                       text8        000000
__Ltext9                                       text9        000000
__S0                                           (abs)        011340
__S1                                           (abs)        000623
__S4                                           (abs)        000000
__S5                                           (abs)        000000
___awmod                                       text69       010766
___awmod@counter                               cstackCOMRAM 000505
___awmod@dividend                              cstackCOMRAM 000501
___awmod@divisor                               cstackCOMRAM 000503
___awmod@sign                                  cstackCOMRAM 000506
___heap_hi                                     (abs)        000000
___heap_lo                                     (abs)        000000
___inthi_sp                                    stack        000000
___inthi_stack_hi                              stack        000000
___inthi_stack_lo                              stack        000000
___intlo_sp                                    stack        000000
___intlo_stack_hi                              stack        000000
___intlo_stack_lo                              stack        000000
___param_bank                                  (abs)        000000
___rparam_used                                 (abs)        000001
___sp                                          stack        000000
___stack_hi                                    stack        000000
___stack_lo                                    stack        000000
__accesstop                                    (abs)        000560
__activetblptr                                 (abs)        000003
__end_of_AdvancedSettings                      text23       011156
__end_of_CLOCK_Initialize                      text49       01123C
__end_of_DELAY_microseconds                    text13       010B4E
__end_of_DELAY_milliseconds                    text22       010F8A
__end_of_INT0_SetInterruptHandler              text48       0112F6
__end_of_INT1_SetInterruptHandler              text47       0112E8
__end_of_INT2_SetInterruptHandler              text46       0112DA
__end_of_INTERRUPT_Initialize                  text45       010CF6
__end_of_INTERRUPT_InterruptManager            text50       01050E
__end_of_LEDMatrix_RowController_TimerISR      text56       010CB6
__end_of_LEDMatrix_TimerISR                    text57       0101B4
__end_of_Nrf24_SetSpeedDataRates               text25       010A40
__end_of_Nrf24_config                          text18       0109D2
__end_of_Nrf24_configRegister                  text28       0111E4
__end_of_Nrf24_dataReady                       text17       011194
__end_of_Nrf24_flushRx                         text21       011302
__end_of_Nrf24_getData                         text16       010F5A
__end_of_Nrf24_getStatus                       text20       011212
__end_of_Nrf24_init                            text14       010FE6
__end_of_Nrf24_powerUpRx                       text19       011134
__end_of_Nrf24_readRegister                    text26       010FBA
__end_of_Nrf24_setRADDR                        text10       01095A
__end_of_Nrf24_setRetransmitDelay              text24       011012
__end_of_Nrf24_setTADDR                        text9        0108C0
__end_of_Nrf24_writeRegister                   text11       010F28
__end_of_PIN_MANAGER_IOC                       text75       011228
__end_of_PIN_MANAGER_Initialize                text43       010766
__end_of_SPI1_ByteExchange                     text29       01103E
__end_of_SPI1_Host                             mediumconst  00FE45
__end_of_SPI1_Initialize                       text42       0111FC
__end_of_SPI1_Open                             text15       0106AA
__end_of_SPI_read_buff                         text27       010E8E
__end_of_SPI_write_buff                        text12       010C72
__end_of_SYSTEM_Initialize                     text30       011110
__end_of_SetRow_Matrix1                        text66       010AFC
__end_of_SetRow_Matrix2                        text65       010A9E
__end_of_TMR0_DefaultCallback                  text73       01133E
__end_of_TMR0_ISR                              text72       010DB4
__end_of_TMR0_Initialize                       text41       010EC2
__end_of_TMR0_OverflowCallbackRegister         text8        01126A
__end_of_TMR0_Start                            text7        011316
__end_of_TMR1_DefaultOverflowCallback          text59       011338
__end_of_TMR1_GateCallbackRegister             text40       0112BE
__end_of_TMR1_Initialize                       text38       010C2E
__end_of_TMR1_OverflowCallbackRegister         text39       0112B0
__end_of_TMR1_OverflowISR                      text55       010D76
__end_of_TMR1_Stop                             text6        011310
__end_of_TMR1_Write                            text62       0110EA
__end_of_TMR2_DefaultOverflowCallback          text60       01133A
__end_of_TMR2_ISR                              text54       011176
__end_of_TMR2_Initialize                       text36       011096
__end_of_TMR2_OverflowCallbackRegister         text37       0112A2
__end_of_TMR2_Start                            text71       01132E
__end_of_TMR2_Stop                             text5        01125C
__end_of_TMR3_DefaultOverflowCallback          text58       011336
__end_of_TMR3_GateCallbackRegister             text35       011294
__end_of_TMR3_Initialize                       text33       010BE4
__end_of_TMR3_OverflowCallbackRegister         text34       011286
__end_of_TMR3_OverflowISR                      text52       010D36
__end_of_TMR3_Write                            text53       0110C0
__end_of_TMR4_DefaultOverflowCallback          text61       01133C
__end_of_TMR4_ISR                              text51       010EF6
__end_of_TMR4_Initialize                       text31       01106A
__end_of_TMR4_OverflowCallbackRegister         text32       011278
__end_of_TMR4_Start                            text4        01124C
__end_of_TMR4_Stop                             text70       011328
__end_of_Timer1                                mediumconst  00FE7B
__end_of_Timer2                                mediumconst  00FE8D
__end_of_Timer3                                mediumconst  00FE57
__end_of_Timer4                                mediumconst  00FE69
__end_of___awmod                               text69       010814
__end_of__initialization                       cinit        010B94
__end_of_getRowData                            text68       0111CC
__end_of_getRowData_Matrix2                    text67       0111B0
__end_of_main                                  text0        010E5A
__end_of_nRF24_IRQ_DefaultInterruptHandler     text77       011340
__end_of_nRF24_IRQ_ISR                         text76       010E26
__end_of_nRF24_IRQ_SetInterruptHandler         text44       0112CC
__end_of_nrf_irq                               text78       011334
__end_of_nrf_refresh_irq                       text74       01130A
__end_of_rf24_crclength                        mediumconst  00FEBA
__end_of_slave                                 text1        01032E
__end_of_spi1_configuration                    mediumconst  00FE9C
__end_of_strncmp                               text3        0105E0
__end_of_updateLedMatrices                     text2        010424
__end_ofi2_TMR2_Stop                           text64       011322
__end_ofi2_TMR4_Start                          text63       01131C
__initialization                               cinit        010B4E
__mediumconst                                  mediumconst  00FE1A
__pbssBANK5                                    bssBANK5     000560
__pbssCOMRAM                                   bssCOMRAM    000529
__pcinit                                       cinit        010B4E
__pcstackBANK6                                 cstackBANK6  000600
__pcstackCOMRAM                                cstackCOMRAM 000501
__pdataBANK5                                   dataBANK5    0005A1
__pidataBANK5                                  idataBANK5   010DB4
__pivt0x8                                      ivt0x8       000008
__pmediumconst                                 mediumconst  00FE1A
__pnvBANK5                                     nvBANK5      0005DD
__ptext0                                       text0        010E26
__ptext1                                       text1        0101B4
__ptext10                                      text10       0108C0
__ptext11                                      text11       010EF6
__ptext12                                      text12       010C2E
__ptext13                                      text13       010AFC
__ptext14                                      text14       010FBA
__ptext15                                      text15       0105E0
__ptext16                                      text16       010F28
__ptext17                                      text17       011176
__ptext18                                      text18       01095A
__ptext19                                      text19       011110
__ptext2                                       text2        01032E
__ptext20                                      text20       0111FC
__ptext21                                      text21       0112F6
__ptext22                                      text22       010F5A
__ptext23                                      text23       011134
__ptext24                                      text24       010FE6
__ptext25                                      text25       0109D2
__ptext26                                      text26       010F8A
__ptext27                                      text27       010E5A
__ptext28                                      text28       0111CC
__ptext29                                      text29       011012
__ptext3                                       text3        01050E
__ptext30                                      text30       0110EA
__ptext31                                      text31       01103E
__ptext32                                      text32       01126A
__ptext33                                      text33       010B9A
__ptext34                                      text34       011278
__ptext35                                      text35       011286
__ptext36                                      text36       01106A
__ptext37                                      text37       011294
__ptext38                                      text38       010BE4
__ptext39                                      text39       0112A2
__ptext4                                       text4        01123C
__ptext40                                      text40       0112B0
__ptext41                                      text41       010E8E
__ptext42                                      text42       0111E4
__ptext43                                      text43       0106AA
__ptext44                                      text44       0112BE
__ptext45                                      text45       010CB6
__ptext46                                      text46       0112CC
__ptext47                                      text47       0112DA
__ptext48                                      text48       0112E8
__ptext49                                      text49       011228
__ptext5                                       text5        01124C
__ptext50                                      text50       010424
__ptext51                                      text51       010EC2
__ptext52                                      text52       010CF6
__ptext53                                      text53       011096
__ptext54                                      text54       011156
__ptext55                                      text55       010D36
__ptext56                                      text56       010C72
__ptext57                                      text57       010000
__ptext58                                      text58       011334
__ptext59                                      text59       011336
__ptext6                                       text6        01130A
__ptext60                                      text60       011338
__ptext61                                      text61       01133A
__ptext62                                      text62       0110C0
__ptext63                                      text63       011316
__ptext64                                      text64       01131C
__ptext65                                      text65       010A40
__ptext66                                      text66       010A9E
__ptext67                                      text67       011194
__ptext68                                      text68       0111B0
__ptext69                                      text69       010766
__ptext7                                       text7        011310
__ptext70                                      text70       011322
__ptext71                                      text71       011328
__ptext72                                      text72       010D76
__ptext73                                      text73       01133C
__ptext74                                      text74       011302
__ptext75                                      text75       011212
__ptext76                                      text76       010DF0
__ptext77                                      text77       01133E
__ptext78                                      text78       01132E
__ptext8                                       text8        01125C
__ptext9                                       text9        010814
__ramtop                                       ramtop       002600
__smallconst                                   smallconst   000000
_bitIndex_1                                    bssCOMRAM    000538
_bitIndex_2                                    bssCOMRAM    000535
_clearOff_1                                    bssCOMRAM    000536
_clearOff_2                                    bssCOMRAM    000533
_clearOutData_1                                dataBANK5    0005A3
_clearOutData_2                                dataBANK5    0005A1
_currentCol                                    bssCOMRAM    00053A
_currentMode                                   bssCOMRAM    000539
_currentRow                                    bssCOMRAM    00053B
_getRowData                                    text68       0111B0
_getRowData_Matrix2                            text67       011194
_ledMatrix                                     bssBANK5     00058A
_ledMatrix2                                    bssBANK5     000580
_main                                          text0        010E26
_nRF24_IRQ_DefaultInterruptHandler             text77       01133E
_nRF24_IRQ_ISR                                 text76       010DF0
_nRF24_IRQ_InterruptHandler                    nvBANK5      0005FB
_nRF24_IRQ_SetInterruptHandler                 text44       0112BE
_nrf_flag                                      bssCOMRAM    00053C
_nrf_irq                                       text78       01132E
_nrf_refresh                                   bssBANK5     0005A0
_nrf_refresh_irq                               text74       011302
_rf24_crclength                                mediumconst  00FE9C
_rf24_datarates                                dataBANK5    0005C5
_rf24_pa_dbm                                   dataBANK5    0005A5
_shiftData_1                                   bssBANK5     00059C
_shiftData_2                                   bssBANK5     00059A
_slave                                         text1        0101B4
_spi1_configuration                            mediumconst  00FE8D
_state_1                                       bssCOMRAM    000537
_state_2                                       bssCOMRAM    000534
_strncmp                                       text3        01050E
_timer1ReloadVal                               bssCOMRAM    00052B
_timer3ReloadVal                               bssCOMRAM    000529
_tmr0PeriodCount                               bssCOMRAM    00052D
_updateLedMatrices                             text2        01032E
end_of_initialization                          cinit        010B94
getRowData@row                                 cstackCOMRAM 000503
getRowData_Matrix2@row                         cstackCOMRAM 000503
i2_TMR2_Stop                                   text64       01131C
i2_TMR4_Start                                  text63       011316
intlevel0                                      text         000000
intlevel1                                      text         000000
intlevel2                                      text         000000
intlevel3                                      text         000000
isa$std                                        (abs)        000001
isa$xinst                                      (abs)        000000
ivt0x8_base                                    ivt0x8       000008
nRF24_IRQ_SetInterruptHandler@InterruptHandler cstackCOMRAM 00050D
slave@buf                                      cstackBANK6  000600
slave@dev                                      cstackBANK6  000620
slave@pvParameters                             cstackCOMRAM 000527
stackhi                                        (abs)        000000
stacklo                                        (abs)        000000
start                                          init         00001A
start_initialization                           cinit        010B4E
strncmp@l                                      cstackCOMRAM 00050D
strncmp@n                                      cstackCOMRAM 000511
strncmp@r                                      cstackCOMRAM 00050F
updateLedMatrices@i                            cstackCOMRAM 00051B
updateLedMatrices@payload                      cstackCOMRAM 00050D


MODULE INFORMATION

Module		Function		Class		Link	Load	Size
led_shift.c
		_LEDMatrix_RowController_TimerISR		CODE           	10C72	0000	68
		_LEDMatrix_TimerISR		CODE           	10000	0000	436
		_SetRow_Matrix1		CODE           	10A9E	0000	94
		_SetRow_Matrix2		CODE           	10A40	0000	94

led_shift.c estimated size: 692

/Applications/microchip/xc8/v2.50/pic/sources/c99/common/awmod.c
		___awmod       		CODE           	10766	0000	174

/Applications/microchip/xc8/v2.50/pic/sources/c99/common/awmod.c estimated size: 174

mcc_generated_files/timer/src/tmr3.c
		_TMR3_OverflowISR		CODE           	10CF6	0000	64
		_TMR3_Initialize		CODE           	10B9A	0000	74
		_TMR3_Write    		CODE           	11096	0000	42
		_TMR3_OverflowCallbackRegister		CODE           	11278	0000	14
		_TMR3_DefaultOverflowCallback		CODE           	11334	0000	2
		_TMR3_GateCallbackRegister		CODE           	11286	0000	14

mcc_generated_files/timer/src/tmr3.c estimated size: 210

mcc_generated_files/timer/src/tmr1.c
		_TMR1_Initialize		CODE           	10BE4	0000	74
		_TMR1_Stop     		CODE           	1130A	0000	6
		_TMR1_Write    		CODE           	110C0	0000	42
		_TMR1_OverflowCallbackRegister		CODE           	112A2	0000	14
		_TMR1_DefaultOverflowCallback		CODE           	11336	0000	2
		_TMR1_GateCallbackRegister		CODE           	112B0	0000	14
		_TMR1_OverflowISR		CODE           	10D36	0000	64

mcc_generated_files/timer/src/tmr1.c estimated size: 216

mcc_generated_files/system/src/interrupt.c
		_INT0_SetInterruptHandler		CODE           	112E8	0000	14
		_INT1_SetInterruptHandler		CODE           	112DA	0000	14
		_INT2_SetInterruptHandler		CODE           	112CC	0000	14
		_INTERRUPT_Initialize		CODE           	10CB6	0000	64
		_INTERRUPT_InterruptManager		CODE           	10424	0000	234

mcc_generated_files/system/src/interrupt.c estimated size: 340

mcc_generated_files/system/src/pins.c
		_PIN_MANAGER_Initialize		CODE           	106AA	0000	188
		_nRF24_IRQ_DefaultInterruptHandler		CODE           	1133E	0000	2
		_nRF24_IRQ_ISR 		CODE           	10DF0	0000	54
		_nRF24_IRQ_SetInterruptHandler		CODE           	112BE	0000	14
		_PIN_MANAGER_IOC		CODE           	11212	0000	22

mcc_generated_files/system/src/pins.c estimated size: 280

mcc_generated_files/timer/src/delay.c
		_DELAY_milliseconds		CODE           	10F5A	0000	48
		_DELAY_microseconds		CODE           	10AFC	0000	82

mcc_generated_files/timer/src/delay.c estimated size: 130

led_matrix.c
		_getRowData    		CODE           	111B0	0000	28
		_updateLedMatrices		CODE           	1032E	0000	246
		_getRowData_Matrix2		CODE           	11194	0000	28

led_matrix.c estimated size: 302

shared
		_Timer1        		MEDIUMCONST    	FE69	0000	18
		_Timer4        		MEDIUMCONST    	FE57	0000	18
		_rf24_crclength		MEDIUMCONST    	FE9C	0000	30
		i2_TMR4_Start  		CODE           	11316	0000	6
		_Timer2        		MEDIUMCONST    	FE7B	0000	18
		__initialization		CODE           	10B4E	0000	70
		_SPI1_Host     		MEDIUMCONST    	FE1B	0000	42
		i2_TMR2_Stop   		CODE           	1131C	0000	6
		_Timer3        		MEDIUMCONST    	FE45	0000	18
		_spi1_configuration		MEDIUMCONST    	FE8D	0000	15

shared estimated size: 241

mirf.c
		_Nrf24_writeRegister		CODE           	10EF6	0000	50
		_Nrf24_dataReady		CODE           	11176	0000	30
		_Nrf24_getStatus		CODE           	111FC	0000	22
		_SPI_write_buff		CODE           	10C2E	0000	68
		_SPI_read_buff 		CODE           	10E5A	0000	52
		_Nrf24_powerUpRx		CODE           	11110	0000	36
		_Nrf24_setRetransmitDelay		CODE           	10FE6	0000	44
		_Nrf24_getData 		CODE           	10F28	0000	50
		_Nrf24_configRegister		CODE           	111CC	0000	24
		_Nrf24_SetSpeedDataRates		CODE           	109D2	0000	110
		_Nrf24_readRegister		CODE           	10F8A	0000	48
		_Nrf24_config  		CODE           	1095A	0000	120
		_Nrf24_init    		CODE           	10FBA	0000	44
		_Nrf24_flushRx 		CODE           	112F6	0000	12
		_Nrf24_setRADDR		CODE           	108C0	0000	154
		_Nrf24_setTADDR		CODE           	10814	0000	172

mirf.c estimated size: 1036

mcc_generated_files/timer/src/tmr4.c
		_TMR4_ISR      		CODE           	10EC2	0000	52
		_TMR4_Initialize		CODE           	1103E	0000	44
		_TMR4_Stop     		CODE           	11322	0000	6
		_TMR4_Start    		CODE           	1123C	0000	16
		_TMR4_OverflowCallbackRegister		CODE           	1126A	0000	14
		_TMR4_DefaultOverflowCallback		CODE           	1133A	0000	2

mcc_generated_files/timer/src/tmr4.c estimated size: 134

mcc_generated_files/timer/src/tmr2.c
		_TMR2_ISR      		CODE           	11156	0000	32
		_TMR2_Initialize		CODE           	1106A	0000	44
		_TMR2_Stop     		CODE           	1124C	0000	16
		_TMR2_Start    		CODE           	11328	0000	6
		_TMR2_OverflowCallbackRegister		CODE           	11294	0000	14
		_TMR2_DefaultOverflowCallback		CODE           	11338	0000	2

mcc_generated_files/timer/src/tmr2.c estimated size: 114

mcc_generated_files/system/src/clock.c
		_CLOCK_Initialize		CODE           	11228	0000	20

mcc_generated_files/system/src/clock.c estimated size: 20

mcc_generated_files/timer/src/tmr0.c
		_TMR0_DefaultCallback		CODE           	1133C	0000	2
		_TMR0_OverflowCallbackRegister		CODE           	1125C	0000	14
		_TMR0_ISR      		CODE           	10D76	0000	62
		_TMR0_Initialize		CODE           	10E8E	0000	52
		_TMR0_Start    		CODE           	11310	0000	6

mcc_generated_files/timer/src/tmr0.c estimated size: 136

/Applications/microchip/xc8/v2.50/pic/sources/c99/common/strncmp.c
		_strncmp       		CODE           	1050E	0000	210

/Applications/microchip/xc8/v2.50/pic/sources/c99/common/strncmp.c estimated size: 210

main.c
		_nrf_irq       		CODE           	1132E	0000	6
		_main          		CODE           	10E26	0000	52
		_slave         		CODE           	101B4	0000	378
		_nrf_refresh_irq		CODE           	11302	0000	8
		_AdvancedSettings		CODE           	11134	0000	34

main.c estimated size: 478

mcc_generated_files/system/src/system.c
		_SYSTEM_Initialize		CODE           	110EA	0000	38

mcc_generated_files/system/src/system.c estimated size: 38

mcc_generated_files/spi/src/spi1.c
		_SPI1_ByteExchange		CODE           	11012	0000	44
		_SPI1_Open     		CODE           	105E0	0000	202
		_SPI1_Initialize		CODE           	111E4	0000	24

mcc_generated_files/spi/src/spi1.c estimated size: 270

